apcomsup_src_name,apcomsup_src_priority,geometry,apcomsup_src_id,apcomsup_CodeExterne,gthdv2_pt_etiquet,gthdv2_pt_ad_code,gthdv2_pt_gest_do,gthdv2_pt_prop_do,apcomsup_Proprietaire,apcomsup_Gestionnaire,gthdv2_pt_user,gthdv2_pt_proptyp,gthdv2_pt_statut,gthdv2_pt_etat,gthdv2_DateConstruction__s,gthdv2_pt_datemes__s,gthdv2_pt_avct,gthdv2_pt_typephy,gthdv2_pt_typelog,gthdv2_pt_rf_code,gthdv2_pt_nature,gthdv2_pt_secu__s,gthdv2_pt_occp,gthdv2_pt_a_dan__s,gthdv2_pt_a_dtetu__s,gthdv2_pt_a_struc,gthdv2_HauteurAppui__s,gthdv2_pt_a_passa__s,gthdv2_pt_a_strat__s,gthdv2_Azimut__s,gthdv2_pt_detec__s,gthdv2_pt_comment,gthdv2_pt_creadat__s,gthdv2_pt_majdate__s,gthdv2_pt_majsrc,gthdv2_pt_abddate__s,gthdv2_pt_abdsrc,gthdv2_nd_code,gthdv2_nd_codeext,gthdv2_nd_nom,gthdv2_nd_coderat,gthdv2_nd_r1_code,gthdv2_nd_r2_code,gthdv2_nd_r3_code,gthdv2_nd_r4_code,gthdv2_nd_voie,gthdv2_nd_type,gthdv2_nd_type_ep,gthdv2_nd_comment,gthdv2_nd_dtclass,gthdv2_nd_geolqlt__s,gthdv2_nd_geolmod,gthdv2_nd_geolsrc,gthdv2_nd_creadat__s,gthdv2_nd_majdate__s,gthdv2_nd_majsrc,gthdv2_nd_abddate__s,gthdv2_nd_abdsrc,apcomsup_com_code,apcomsup_com_name,gthdv2_rue,gthdv2_numero,apcomsup_Id,apcomsup_DateConstruction,gthdv2_pt_secu,apcomsup_HauteurAppui,gthdv2_pt_a_passa,gthdv2_pt_a_strat,apcomsup_Azimut,gthdv2_pt_detec,gthdv2_pt_datemes,gthdv2_pt_a_dan,gthdv2_pt_a_dtetu,gthdv2_pt_creadat,gthdv2_pt_majdate,gthdv2_pt_abddate,gthdv2_nd_geolqlt,gthdv2_nd_creadat,gthdv2_nd_majdate,gthdv2_nd_abddate,apcomsup_ClassePrecision,apcomsup_Nature,apcomsup_CompositionAppui,apcomsup_StructureAppui,apcomsup_EffortTransversal,apcomsup_TypePhysique,apcomsup_Materiau
"""datastore"".""appuiscommuns_test"".""megalis_example""","""datastore"".""appuiscommuns_test"".""megalis_example""",,PTMB01007025560001,ERDF632/290240001,,,,,ORMB0000000003,,,LOC,REC,OK,,,E,A,R,,PBET,0,,0,,,0,0,0,0,0,,2021/03/09 00:00:00.000,,,,,NDMB01007025730001,ERDF632/290240001,ERDF632/290240001,,T1-29,1007,,,29024/CARHAIX-PLOUGUER/RUE SÉVIGNÉ//,PT,OPT,,,0,,,2021/03/09 00:00:00.000,,,,,29024,CARHAIX-PLOUGUER,RUE SÉVIGNÉ,,99f57b37-2eab-5578-b445-06e6b52e4b7d,,0,0,0,0,0,0,,0,,2021-03-09,,,0,2021-03-09,,,A,POTEAU BETON,,,0,APPUI,beton
"""datastore"".""appuiscommuns_test"".""megalis_example""","""datastore"".""appuiscommuns_test"".""megalis_example""",,PTMB0100702556,ERDF632/29024,,,,,ORMB0000000003,,,LOC,REC,OK,,,E,A,R,,PIND,0,,0,,,0,0,0,0,0,,2021/03/09 00:00:00.000,,,,,NDMB0100702573,ERDF632/29024,ERDF632/29024,,T1-29,1007,,,29024/CARHAIX-PLOUGUER/RUE SÉVIGNÉ//,PT,OPT,,,0,,,2021/03/09 00:00:00.000,,,,,29024,CARHAIX-PLOUGUER,RUE SÉVIGNÉ,,9c776308-f16e-5140-a05d-c140be97d695,,0,0,0,0,0,0,,0,,2021-03-09,,,0,2021-03-09,,,A,,,,0,APPUI,
