apcomsup_src_name,apcomsup_src_id,apcomsup_Id,geometry,apcomsup_TypePhysique,apcomsup_Nature,apcomsup_Gestionnaire,apcomsup_Materiau,apcomsup_HauteurAppui,apcomsup_CodeExterne,apcomsup_com_code,apcomsup_com_name,apcomsup_ClassePrecision
osmgeodatamine_powersupports_extract,node/8736382817,9e90dfdd-f3b2-5c84-a378-3a0fa12d9de1,"{""type"":""Point"",""coordinates"":[0.363591,47.4475859]}",APPUI,POTEAU BETON,Enedis,concrete,23,37081ER073,37081,Cléré-les-Pins,A
undeduped_source,82837,,"{""type"":""Point"",""coordinates"":[0.373591,47.4475859]}",APPUI,POTEAU BETON,older overriden,concrete,,234,2A035,Belvédère-Campomoro,A
undeduped_source,82837,,"{""type"":""Point"",""coordinates"":[0.383591,47.4475859]}",APPUI,POTEAU BETON,older overriden,concrete,23,234,2A035,Belvédère-Campomoro,A
undeduped_source,82838,,"{""type"":""Point"",""coordinates"":[0.383591,47.4475859]}",APPUI,POTEAU BETON,older overriden,concrete,23,234,2A035,Belvédère-Campomoro,A
undeduped_source,82839,,"{""type"":""Point"",""coordinates"":[0.383591,47.4475858]}",APPUI,POTEAU BETON,Coop. d'Electricit de Saint-Martin de Londres,concrete,23,234,2A035,Belvédère-Campomoro,A
