apcomsup_src_name,apcomsup_src_priority,apcomsup_src_id,apcomsup_Id,geometry,apcomsup_DateConstruction,apcomsup_Materiau,apcomsup_com_code,apcomsup_com_name,birdzsup_CONTRAT_VE,birdzsup_TYPE_SUPPO,birdzsup_TYPE_EQUIP,apcomsup_TypePhysique,apcomsup_Nature
"""datastore"".""appuiscommuns_test"".""birdz_supportaerien_example""","""datastore"".""appuiscommuns_test"".""birdz_supportaerien_example""",29051_000000004,81aa3988-30cf-504c-975f-7dee8f67dabf,POINT (0.6000004 47.9000000000004),2021-10-15,beton,29051,ERGUE GABERIC,ERGUE GABERIC,POTEAU ELECTRIQUE BETON,RU,APPUI,POTEAU BETON
"""datastore"".""appuiscommuns_test"".""birdz_supportaerien_example""","""datastore"".""appuiscommuns_test"".""birdz_supportaerien_example""",29051_000000005,fe85fb1d-3ccb-53db-9321-75d2cead9120,POINT (0.6000005 47.9000000000005),2021-10-15,beton,29051,ERGUE GABERIC,ERGUE GABERIC,POTEAU ELECTRIQUE BETON,RU,APPUI,POTEAU BETON
"""datastore"".""appuiscommuns_test"".""birdz_supportaerien_example""","""datastore"".""appuiscommuns_test"".""birdz_supportaerien_example""",29051_000000002,280b574d-e03c-5517-aa5f-04691d73caae,POINT (0.6000002 47.9000000000002),2021-10-15,beton,29051,ERGUE GABERIC,ERGUE GABERIC,POTEAU ELECTRIQUE BETON,RU,APPUI,POTEAU BETON
"""datastore"".""appuiscommuns_test"".""birdz_supportaerien_example""","""datastore"".""appuiscommuns_test"".""birdz_supportaerien_example""",29051_00040,7e0a68a4-f7d6-5e66-8116-5f0ce6c388fa,POINT (-3.97046 48.03526),2021-10-15,beton,29051,ERGUE GABERIC,ERGUE GABERIC,POTEAU ELECTRIQUE BETON,RU,APPUI,POTEAU BETON
